#
# There is insufficient memory for the Java Runtime Environment to continue.
# Native memory allocation (mmap) failed to map 78643200 bytes for G1 virtual space
# Possible reasons:
#   The system is out of physical RAM or swap space
#   The process is running with CompressedOops enabled, and the Java Heap may be blocking the growth of the native heap
# Possible solutions:
#   Reduce memory load on the system
#   Increase physical memory or swap space
#   Check if swap backing store is full
#   Decrease Java heap size (-Xmx/-Xms)
#   Decrease number of Java threads
#   Decrease Java thread stack sizes (-Xss)
#   Set larger code cache with -XX:ReservedCodeCacheSize=
#   JVM is running with Unscaled Compressed Oops mode in which the Java heap is
#     placed in the first 4GB address space. The Java Heap base address is the
#     maximum limit for the native heap growth. Please use -XX:HeapBaseMinAddress
#     to set the Java Heap base and to place the Java Heap above 4GB virtual address.
# This output file may be truncated or incomplete.
#
#  Out of Memory Error (os_windows.cpp:3559), pid=13364, tid=1448
#
# JRE version: OpenJDK Runtime Environment Temurin-17.0.7+7 (17.0.7+7) (build 17.0.7+7)
# Java VM: OpenJDK 64-Bit Server VM Temurin-17.0.7+7 (17.0.7+7, mixed mode, emulated-client, tiered, compressed oops, compressed class ptrs, g1 gc, windows-amd64)
# No core dump will be written. Minidumps are not enabled by default on client versions of Windows
#

---------------  S U M M A R Y ------------

Command Line: -Dcom.sun.management.jmxremote -Dcom.sun.management.jmxremote.port=59538 -Dcom.sun.management.jmxremote.authenticate=false -Dcom.sun.management.jmxremote.ssl=false -Djava.rmi.server.hostname=localhost -Dspring.jmx.enabled=true -Dmanagement.endpoints.jmx.exposure.include=* -Dspring.application.admin.enabled=true -XX:TieredStopAtLevel=1 -Dspring.boot.project.name=gaurav-sales-backend -Dfile.encoding=UTF-8 -XX:+ShowCodeDetailsInExceptionMessages com.gaurav.sales.GauravSalesBackendApplication --spring.output.ansi.enabled=always

Host: Intel(R) Core(TM) i3-6006U CPU @ 2.00GHz, 4 cores, 3G,  Windows 10 , 64 bit Build 19041 (10.0.19041.7663)
Time: Tue Oct  6 23:36:06 2026 Pacific Daylight Time elapsed time: 236.249759 seconds (0d 0h 3m 56s)

---------------  T H R E A D  ---------------

Current thread (0x00000156e3a355d0):  VMThread "VM Thread" [stack: 0x0000002459400000,0x0000002459500000] [id=1448]

Stack: [0x0000002459400000,0x0000002459500000]
Native frames: (J=compiled Java code, j=interpreted, Vv=VM code, C=native code)
V  [jvm.dll+0x67754a]
V  [jvm.dll+0x834304]
V  [jvm.dll+0x835aae]
V  [jvm.dll+0x836113]
V  [jvm.dll+0x24696f]
V  [jvm.dll+0x6743f9]
V  [jvm.dll+0x668c8a]
V  [jvm.dll+0x3061bb]
V  [jvm.dll+0x30d6a6]
V  [jvm.dll+0x35cece]
V  [jvm.dll+0x35d0ff]
V  [jvm.dll+0x2dd048]
V  [jvm.dll+0x2db20c]
V  [jvm.dll+0x2da7dc]
V  [jvm.dll+0x31e6db]
V  [jvm.dll+0x83a5bb]
V  [jvm.dll+0x83b2f4]
V  [jvm.dll+0x83b80c]
V  [jvm.dll+0x83bbe4]
V  [jvm.dll+0x83bcb0]
V  [jvm.dll+0x7e4e7a]
V  [jvm.dll+0x676395]
C  [ucrtbase.dll+0x21bb2]
C  [KERNEL32.DLL+0x17374]
C  [ntdll.dll+0x4cc91]

VM_Operation (0x000000245adfd6e0): G1CollectForAllocation, mode: safepoint, requested by thread 0x00000156ea5dfd30


---------------  P R O C E S S  ---------------

Threads class SMR info:
_java_thread_list=0x00000156ea933290, length=24, elements={
0x00000156e3a3c0b0, 0x00000156e3a3f730, 0x00000156e3a5f7c0, 0x00000156e3a60080,
0x00000156e3bd6850, 0x00000156e3bd8450, 0x00000156e3bdc210, 0x00000156e3be0a70,
0x00000156d8c35c60, 0x00000156e3d89190, 0x00000156e82f7da0, 0x00000156e83078e0,
0x00000156e8311160, 0x00000156e83736f0, 0x00000156d8b8f070, 0x00000156e87adcb0,
0x00000156e87af990, 0x00000156ea5e0200, 0x00000156ea35bff0, 0x00000156ea35c4c0,
0x00000156ea35fe80, 0x00000156ea35f9b0, 0x00000156ea5de9f0, 0x00000156ea5dfd30
}

Java Threads: ( => current thread )
  0x00000156e3a3c0b0 JavaThread "Reference Handler" daemon [_thread_blocked, id=17524, stack(0x0000002459500000,0x0000002459600000)]
  0x00000156e3a3f730 JavaThread "Finalizer" daemon [_thread_blocked, id=17768, stack(0x0000002459600000,0x0000002459700000)]
  0x00000156e3a5f7c0 JavaThread "Signal Dispatcher" daemon [_thread_blocked, id=1508, stack(0x0000002459700000,0x0000002459800000)]
  0x00000156e3a60080 JavaThread "Attach Listener" daemon [_thread_blocked, id=15324, stack(0x0000002459800000,0x0000002459900000)]
  0x00000156e3bd6850 JavaThread "Service Thread" daemon [_thread_blocked, id=14772, stack(0x0000002459900000,0x0000002459a00000)]
  0x00000156e3bd8450 JavaThread "Monitor Deflation Thread" daemon [_thread_blocked, id=1644, stack(0x0000002459a00000,0x0000002459b00000)]
  0x00000156e3bdc210 JavaThread "C1 CompilerThread0" daemon [_thread_blocked, id=14540, stack(0x0000002459b00000,0x0000002459c00000)]
  0x00000156e3be0a70 JavaThread "Sweeper thread" daemon [_thread_blocked, id=14040, stack(0x0000002459c00000,0x0000002459d00000)]
  0x00000156d8c35c60 JavaThread "Common-Cleaner" daemon [_thread_blocked, id=13756, stack(0x0000002459d00000,0x0000002459e00000)]
  0x00000156e3d89190 JavaThread "Notification Thread" daemon [_thread_blocked, id=11564, stack(0x0000002459f00000,0x000000245a000000)]
  0x00000156e82f7da0 JavaThread "RMI TCP Accept-0" daemon [_thread_in_native, id=16764, stack(0x000000245a000000,0x000000245a100000)]
  0x00000156e83078e0 JavaThread "RMI TCP Accept-59538" daemon [_thread_in_native, id=17204, stack(0x000000245a100000,0x000000245a200000)]
  0x00000156e8311160 JavaThread "RMI Scheduler(0)" daemon [_thread_blocked, id=15776, stack(0x000000245a400000,0x000000245a500000)]
  0x00000156e83736f0 JavaThread "RMI TCP Accept-0" daemon [_thread_in_native, id=11868, stack(0x000000245a500000,0x000000245a600000)]
  0x00000156d8b8f070 JavaThread "JMX server connection timeout 21" daemon [_thread_blocked, id=5660, stack(0x000000245a700000,0x000000245a800000)]
  0x00000156e87adcb0 JavaThread "mysql-cj-abandoned-connection-cleanup" daemon [_thread_blocked, id=12600, stack(0x000000245b300000,0x000000245b400000)]
  0x00000156e87af990 JavaThread "Live Reload Server" daemon [_thread_in_native, id=14224, stack(0x000000245b700000,0x000000245b800000)]
  0x00000156ea5e0200 JavaThread "DestroyJavaVM" [_thread_blocked, id=15476, stack(0x0000002458e00000,0x0000002458f00000)]
  0x00000156ea35bff0 JavaThread "RMI TCP Connection(18)-127.0.0.1" daemon [_thread_in_native, id=14796, stack(0x000000245c700000,0x000000245c800000)]
  0x00000156ea35c4c0 JavaThread "RMI TCP Connection(19)-127.0.0.1" daemon [_thread_in_native, id=14296, stack(0x0000002458b00000,0x0000002458c00000)]
  0x00000156ea35fe80 JavaThread "RMI TCP Connection(17)-127.0.0.1" daemon [_thread_in_native, id=3296, stack(0x0000002458d00000,0x0000002458e00000)]
  0x00000156ea35f9b0 JavaThread "RMI TCP Connection(16)-127.0.0.1" daemon [_thread_in_native, id=15500, stack(0x000000245c000000,0x000000245c100000)]
  0x00000156ea5de9f0 JavaThread "Thread-11" [_thread_blocked, id=7076, stack(0x0000002458c00000,0x0000002458d00000)]
  0x00000156ea5dfd30 JavaThread "restartedMain" [_thread_blocked, id=14996, stack(0x000000245ad00000,0x000000245ae00000)]

Other Threads:
=>0x00000156e3a355d0 VMThread "VM Thread" [stack: 0x0000002459400000,0x0000002459500000] [id=1448]
  0x00000156e8373bc0 WatcherThread [stack: 0x000000245a600000,0x000000245a700000] [id=17660]
  0x00000156d8bcb420 GCTaskThread "GC Thread#0" [stack: 0x0000002458f00000,0x0000002459000000] [id=16328]
  0x00000156e83c6c90 GCTaskThread "GC Thread#1" [stack: 0x000000245a800000,0x000000245a900000] [id=11376]
  0x00000156e8399eb0 GCTaskThread "GC Thread#2" [stack: 0x000000245a900000,0x000000245aa00000] [id=17388]
  0x00000156e83d98e0 GCTaskThread "GC Thread#3" [stack: 0x000000245aa00000,0x000000245ab00000] [id=15216]
  0x00000156d8bd4750 ConcurrentGCThread "G1 Main Marker" [stack: 0x0000002459000000,0x0000002459100000] [id=14980]
  0x00000156d8bd5070 ConcurrentGCThread "G1 Conc#0" [stack: 0x0000002459100000,0x0000002459200000] [id=10768]
  0x00000156d8c26840 ConcurrentGCThread "G1 Refine#0" [stack: 0x0000002459200000,0x0000002459300000] [id=16172]
  0x00000156e83a4730 ConcurrentGCThread "G1 Refine#1" [stack: 0x000000245ab00000,0x000000245ac00000] [id=17668]
  0x00000156e83e1b80 ConcurrentGCThread "G1 Refine#2" [stack: 0x000000245ac00000,0x000000245ad00000] [id=12388]
  0x00000156d8c28180 ConcurrentGCThread "G1 Service" [stack: 0x0000002459300000,0x0000002459400000] [id=14168]

Threads with active compile tasks:

VM state: at safepoint (normal execution)

VM Mutex/Monitor currently owned by a thread:  ([mutex/lock_event])
[0x00000156d8b776f0] Threads_lock - owner thread: 0x00000156e3a355d0
[0x00000156d8b788f0] Heap_lock - owner thread: 0x00000156ea5dfd30

Heap address: 0x00000000c1600000, size: 1002 MB, Compressed Oops mode: 32-bit

CDS archive(s) not mapped
Compressed class space mapped at: 0x0000000100000000-0x0000000140000000, reserved size: 1073741824
Narrow klass base: 0x0000000000000000, Narrow klass shift: 3, Narrow klass range: 0x140000000

GC Precious Log:
 CPUs: 4 total, 4 available
 Memory: 4002M
 Large Page Support: Disabled
 NUMA Support: Disabled
 Compressed Oops: Enabled (32-bit)
 Heap Region Size: 1M
 Heap Min Capacity: 8M
 Heap Initial Capacity: 64M
 Heap Max Capacity: 1002M
 Pre-touch: Disabled
 Parallel Workers: 4
 Concurrent Workers: 1
 Concurrent Refinement Workers: 4
 Periodic GC: Disabled

Heap:
 garbage-first heap   total 76800K, used 31035K [0x00000000c1600000, 0x0000000100000000)
  region size 1024K, 3 young (3072K), 3 survivors (3072K)
 Metaspace       used 83409K, committed 84096K, reserved 1179648K
  class space    used 11585K, committed 11904K, reserved 1048576K

Heap Regions: E=young(eden), S=young(survivor), O=old, HS=humongous(starts), HC=humongous(continues), CS=collection set, F=free, OA=open archive, CA=closed archive, TAMS=top-at-mark-start (previous, next)
|   0|0x00000000c1600000, 0x00000000c1700000, 0x00000000c1700000|100%|HS|  |TAMS 0x00000000c1700000, 0x00000000c1600000| Untracked 
|   1|0x00000000c1700000, 0x00000000c1800000, 0x00000000c1800000|100%|HS|  |TAMS 0x00000000c1800000, 0x00000000c1700000| Untracked 
|   2|0x00000000c1800000, 0x00000000c1900000, 0x00000000c1900000|100%| O|  |TAMS 0x00000000c1900000, 0x00000000c1800000| Untracked 
|   3|0x00000000c1900000, 0x00000000c19fffa0, 0x00000000c1a00000| 99%| O|  |TAMS 0x00000000c19fffa0, 0x00000000c1900000| Untracked 
|   4|0x00000000c1a00000, 0x00000000c1b00000, 0x00000000c1b00000|100%| O|  |TAMS 0x00000000c1b00000, 0x00000000c1a00000| Untracked 
|   5|0x00000000c1b00000, 0x00000000c1bfff30, 0x00000000c1c00000| 99%| O|  |TAMS 0x00000000c1bfff30, 0x00000000c1b00000| Untracked 
|   6|0x00000000c1c00000, 0x00000000c1cfffd0, 0x00000000c1d00000| 99%| O|  |TAMS 0x00000000c1cfffd0, 0x00000000c1c00000| Untracked 
|   7|0x00000000c1d00000, 0x00000000c1dffff8, 0x00000000c1e00000| 99%| O|  |TAMS 0x00000000c1dffff8, 0x00000000c1d00000| Untracked 
|   8|0x00000000c1e00000, 0x00000000c1efffe0, 0x00000000c1f00000| 99%| O|  |TAMS 0x00000000c1efffe0, 0x00000000c1e00000| Untracked 
|   9|0x00000000c1f00000, 0x00000000c1ffffc0, 0x00000000c2000000| 99%| O|  |TAMS 0x00000000c1ffffc0, 0x00000000c1f00000| Untracked 
|  10|0x00000000c2000000, 0x00000000c20fffd8, 0x00000000c2100000| 99%| O|  |TAMS 0x00000000c20fffd8, 0x00000000c2000000| Untracked 
|  11|0x00000000c2100000, 0x00000000c21fffe8, 0x00000000c2200000| 99%| O|  |TAMS 0x00000000c21fffe8, 0x00000000c2100000| Untracked 
|  12|0x00000000c2200000, 0x00000000c22ffff0, 0x00000000c2300000| 99%| O|  |TAMS 0x00000000c22ffff0, 0x00000000c2200000| Untracked 
|  13|0x00000000c2300000, 0x00000000c23ffff8, 0x00000000c2400000| 99%| O|  |TAMS 0x00000000c23ffff8, 0x00000000c2300000| Untracked 
|  14|0x00000000c2400000, 0x00000000c2500000, 0x00000000c2500000|100%| O|  |TAMS 0x00000000c2500000, 0x00000000c2400000| Untracked 
|  15|0x00000000c2500000, 0x00000000c25f32f0, 0x00000000c2600000| 94%| O|  |TAMS 0x00000000c2500000, 0x00000000c2500000| Untracked 
|  16|0x00000000c2600000, 0x00000000c26ffff0, 0x00000000c2700000| 99%| O|  |TAMS 0x00000000c26ffff0, 0x00000000c2600000| Untracked 
|  17|0x00000000c2700000, 0x00000000c2800000, 0x00000000c2800000|100%| O|  |TAMS 0x00000000c2800000, 0x00000000c2700000| Untracked 
|  18|0x00000000c2800000, 0x00000000c2900000, 0x00000000c2900000|100%| O|  |TAMS 0x00000000c2800000, 0x00000000c2800000| Untracked 
|  19|0x00000000c2900000, 0x00000000c29ffff8, 0x00000000c2a00000| 99%| O|  |TAMS 0x00000000c29ffff8, 0x00000000c2900000| Untracked 
|  20|0x00000000c2a00000, 0x00000000c2affff0, 0x00000000c2b00000| 99%| O|  |TAMS 0x00000000c2a00000, 0x00000000c2a00000| Untracked 
|  21|0x00000000c2b00000, 0x00000000c2bfffe0, 0x00000000c2c00000| 99%| O|  |TAMS 0x00000000c2b00000, 0x00000000c2b00000| Untracked 
|  22|0x00000000c2c00000, 0x00000000c2cfffb8, 0x00000000c2d00000| 99%| O|  |TAMS 0x00000000c2c00000, 0x00000000c2c00000| Untracked 
|  23|0x00000000c2d00000, 0x00000000c2dffff8, 0x00000000c2e00000| 99%| O|  |TAMS 0x00000000c2d00000, 0x00000000c2d00000| Untracked 
|  24|0x00000000c2e00000, 0x00000000c2effca8, 0x00000000c2f00000| 99%| O|  |TAMS 0x00000000c2e00000, 0x00000000c2e00000| Untracked 
|  25|0x00000000c2f00000, 0x00000000c2ffffc8, 0x00000000c3000000| 99%| O|  |TAMS 0x00000000c2f00000, 0x00000000c2f00000| Untracked 
|  26|0x00000000c3000000, 0x00000000c300eee0, 0x00000000c3100000|  5%| O|  |TAMS 0x00000000c3000000, 0x00000000c3000000| Untracked 
|  27|0x00000000c3100000, 0x00000000c31ffff0, 0x00000000c3200000| 99%| O|  |TAMS 0x00000000c3100000, 0x00000000c3100000| Untracked 
|  28|0x00000000c3200000, 0x00000000c3285100, 0x00000000c3300000| 51%| O|  |TAMS 0x00000000c3200000, 0x00000000c3200000| Untracked 
|  29|0x00000000c3300000, 0x00000000c3300000, 0x00000000c3400000|  0%| F|  |TAMS 0x00000000c3300000, 0x00000000c3300000| Untracked 
|  30|0x00000000c3400000, 0x00000000c340a258, 0x00000000c3500000|  3%| O|  |TAMS 0x00000000c3400000, 0x00000000c3400000| Untracked 
|  31|0x00000000c3500000, 0x00000000c3500000, 0x00000000c3600000|  0%| F|  |TAMS 0x00000000c3500000, 0x00000000c3500000| Untracked 
|  32|0x00000000c3600000, 0x00000000c3600000, 0x00000000c3700000|  0%| F|  |TAMS 0x00000000c3600000, 0x00000000c3600000| Untracked 
|  33|0x00000000c3700000, 0x00000000c3700000, 0x00000000c3800000|  0%| F|  |TAMS 0x00000000c3700000, 0x00000000c3700000| Untracked 
|  34|0x00000000c3800000, 0x00000000c3800000, 0x00000000c3900000|  0%| F|  |TAMS 0x00000000c3800000, 0x00000000c3800000| Untracked 
|  35|0x00000000c3900000, 0x00000000c3900000, 0x00000000c3a00000|  0%| F|  |TAMS 0x00000000c3900000, 0x00000000c3900000| Untracked 
|  36|0x00000000c3a00000, 0x00000000c3a00000, 0x00000000c3b00000|  0%| F|  |TAMS 0x00000000c3a00000, 0x00000000c3a00000| Untracked 
|  37|0x00000000c3b00000, 0x00000000c3b00000, 0x00000000c3c00000|  0%| F|  |TAMS 0x00000000c3b00000, 0x00000000c3b00000| Untracked 
|  38|0x00000000c3c00000, 0x00000000c3c00000, 0x00000000c3d00000|  0%| F|  |TAMS 0x00000000c3c00000, 0x00000000c3c00000| Untracked 
|  39|0x00000000c3d00000, 0x00000000c3d00000, 0x00000000c3e00000|  0%| F|  |TAMS 0x00000000c3d00000, 0x00000000c3d00000| Untracked 
|  40|0x00000000c3e00000, 0x00000000c3e00000, 0x00000000c3f00000|  0%| F|  |TAMS 0x00000000c3e00000, 0x00000000c3e00000| Untracked 
|  41|0x00000000c3f00000, 0x00000000c3f00000, 0x00000000c4000000|  0%| F|  |TAMS 0x00000000c3f00000, 0x00000000c3f00000| Untracked 
|  42|0x00000000c4000000, 0x00000000c4000000, 0x00000000c4100000|  0%| F|  |TAMS 0x00000000c4000000, 0x00000000c4000000| Untracked 
|  43|0x00000000c4100000, 0x00000000c41bdf00, 0x00000000c4200000| 74%| S|CS|TAMS 0x00000000c4100000, 0x00000000c4100000| Complete 
|  44|0x00000000c4200000, 0x00000000c4300000, 0x00000000c4300000|100%| S|CS|TAMS 0x00000000c4200000, 0x00000000c4200000| Complete 
|  45|0x00000000c4300000, 0x00000000c4400000, 0x00000000c4400000|100%| S|CS|TAMS 0x00000000c4300000, 0x00000000c4300000| Complete 
|  46|0x00000000c4400000, 0x00000000c4400000, 0x00000000c4500000|  0%| F|  |TAMS 0x00000000c4400000, 0x00000000c4400000| Untracked 
|  47|0x00000000c4500000, 0x00000000c4500000, 0x00000000c4600000|  0%| F|  |TAMS 0x00000000c4500000, 0x00000000c4500000| Untracked 
|  48|0x00000000c4600000, 0x00000000c4600000, 0x00000000c4700000|  0%| F|  |TAMS 0x00000000c4600000, 0x00000000c4600000| Untracked 
|  49|0x00000000c4700000, 0x00000000c4700000, 0x00000000c4800000|  0%| F|  |TAMS 0x00000000c4700000, 0x00000000c4700000| Untracked 
|  50|0x00000000c4800000, 0x00000000c4800000, 0x00000000c4900000|  0%| F|  |TAMS 0x00000000c4800000, 0x00000000c4800000| Untracked 
|  51|0x00000000c4900000, 0x00000000c4900000, 0x00000000c4a00000|  0%| F|  |TAMS 0x00000000c4900000, 0x00000000c4900000| Untracked 
|  52|0x00000000c4a00000, 0x00000000c4a00000, 0x00000000c4b00000|  0%| F|  |TAMS 0x00000000c4a00000, 0x00000000c4a00000| Untracked 
|  53|0x00000000c4b00000, 0x00000000c4b00000, 0x00000000c4c00000|  0%| F|  |TAMS 0x00000000c4b00000, 0x00000000c4b00000| Untracked 
|  54|0x00000000c4c00000, 0x00000000c4c00000, 0x00000000c4d00000|  0%| F|  |TAMS 0x00000000c4c00000, 0x00000000c4c00000| Untracked 
|  55|0x00000000c4d00000, 0x00000000c4d00000, 0x00000000c4e00000|  0%| F|  |TAMS 0x00000000c4d00000, 0x00000000c4d00000| Untracked 
|  56|0x00000000c4e00000, 0x00000000c4e00000, 0x00000000c4f00000|  0%| F|  |TAMS 0x00000000c4e00000, 0x00000000c4e00000| Untracked 
|  57|0x00000000c4f00000, 0x00000000c4f00000, 0x00000000c5000000|  0%| F|  |TAMS 0x00000000c4f00000, 0x00000000c4f00000| Untracked 
|  58|0x00000000c5000000, 0x00000000c5000000, 0x00000000c5100000|  0%| F|  |TAMS 0x00000000c5000000, 0x00000000c5000000| Untracked 
|  59|0x00000000c5100000, 0x00000000c5100000, 0x00000000c5200000|  0%| F|  |TAMS 0x00000000c5100000, 0x00000000c5100000| Untracked 
|  60|0x00000000c5200000, 0x00000000c5200000, 0x00000000c5300000|  0%| F|  |TAMS 0x00000000c5200000, 0x00000000c5200000| Untracked 
|  61|0x00000000c5300000, 0x00000000c5300000, 0x00000000c5400000|  0%| F|  |TAMS 0x00000000c5300000, 0x00000000c5300000| Untracked 
|  62|0x00000000c5400000, 0x00000000c5400000, 0x00000000c5500000|  0%| F|  |TAMS 0x00000000c5400000, 0x00000000c5400000| Untracked 
|  63|0x00000000c5500000, 0x00000000c5500000, 0x00000000c5600000|  0%| F|  |TAMS 0x00000000c5500000, 0x00000000c5500000| Untracked 
|  64|0x00000000c5600000, 0x00000000c5600000, 0x00000000c5700000|  0%| F|  |TAMS 0x00000000c5600000, 0x00000000c5600000| Untracked 
|  65|0x00000000c5700000, 0x00000000c5700000, 0x00000000c5800000|  0%| F|  |TAMS 0x00000000c5700000, 0x00000000c5700000| Untracked 
|  66|0x00000000c5800000, 0x00000000c5800000, 0x00000000c5900000|  0%| F|  |TAMS 0x00000000c5800000, 0x00000000c5800000| Untracked 
|  67|0x00000000c5900000, 0x00000000c5900000, 0x00000000c5a00000|  0%| F|  |TAMS 0x00000000c5900000, 0x00000000c5900000| Untracked 
|  68|0x00000000c5a00000, 0x00000000c5a00000, 0x00000000c5b00000|  0%| F|  |TAMS 0x00000000c5a00000, 0x00000000c5a00000| Untracked 
|  69|0x00000000c5b00000, 0x00000000c5b00000, 0x00000000c5c00000|  0%| F|  |TAMS 0x00000000c5b00000, 0x00000000c5b00000| Untracked 
|  70|0x00000000c5c00000, 0x00000000c5c00000, 0x00000000c5d00000|  0%| F|  |TAMS 0x00000000c5c00000, 0x00000000c5c00000| Untracked 
|  71|0x00000000c5d00000, 0x00000000c5d00000, 0x00000000c5e00000|  0%| F|  |TAMS 0x00000000c5d00000, 0x00000000c5d00000| Untracked 
|  72|0x00000000c5e00000, 0x00000000c5e00000, 0x00000000c5f00000|  0%| F|  |TAMS 0x00000000c5e00000, 0x00000000c5e00000| Untracked 
|  73|0x00000000c5f00000, 0x00000000c5f00000, 0x00000000c6000000|  0%| F|  |TAMS 0x00000000c5f00000, 0x00000000c5f00000| Untracked 
|  74|0x00000000c6000000, 0x00000000c6000000, 0x00000000c6100000|  0%| F|  |TAMS 0x00000000c6000000, 0x00000000c6000000| Untracked 

Card table byte_map: [0x00000156df230000,0x00000156df430000] _byte_map_base: 0x00000156dec25000

Marking Bits (Prev, Next): (CMBitMap*) 0x00000156d8bcb940, (CMBitMap*) 0x00000156d8bcb980
 Prev Bits: [0x00000156df630000, 0x00000156e05d8000)
 Next Bits: [0x00000156e05e0000, 0x00000156e1588000)

Polling page: 0x00000156d8340000

Metaspace:

Usage:
  Non-class:     70.14 MB used.
      Class:     11.31 MB used.
       Both:     81.45 MB used.

Virtual space:
  Non-class space:      128.00 MB reserved,      70.50 MB ( 55%) committed,  2 nodes.
      Class space:        1.00 GB reserved,      11.62 MB (  1%) committed,  1 nodes.
             Both:        1.12 GB reserved,      82.12 MB (  7%) committed. 

Chunk freelists:
   Non-Class:  8.91 MB
       Class:  4.27 MB
        Both:  13.17 MB

MaxMetaspaceSize: unlimited
CompressedClassSpaceSize: 1.00 GB
Initial GC threshold: 21.00 MB
Current GC threshold: 136.56 MB
CDS: off
MetaspaceReclaimPolicy: balanced
 - commit_granule_bytes: 65536.
 - commit_granule_words: 8192.
 - virtual_space_node_default_size: 8388608.
 - enlarge_chunks_in_place: 1.
 - new_chunks_are_fully_committed: 0.
 - uncommit_free_chunks: 1.
 - use_allocation_guard: 0.
 - handle_deallocations: 1.


Internal statistics:

num_allocs_failed_limit: 6.
num_arena_births: 1366.
num_arena_deaths: 560.
num_vsnodes_births: 3.
num_vsnodes_deaths: 0.
num_space_committed: 1314.
num_space_uncommitted: 0.
num_chunks_returned_to_freelist: 663.
num_chunks_taken_from_freelist: 4566.
num_chunk_merges: 221.
num_chunk_splits: 2912.
num_chunks_enlarged: 2095.
num_inconsistent_stats: 0.

CodeCache: size=49152Kb used=18704Kb max_used=19598Kb free=30447Kb
 bounds [0x00000156dc230000, 0x00000156dd560000, 0x00000156df230000]
 total_blobs=11979 nmethods=11288 adapters=617
 compilation: enabled
              stopped_count=0, restarted_count=0
 full_count=0

Compilation events (20 events):
Event: 235.707 Thread 0x00000156e3bdc210 11281   !   1       org.springframework.data.repository.config.DefaultImplementationLookupConfiguration::isExcluded (33 bytes)
Event: 235.709 Thread 0x00000156e3bdc210 nmethod 11281 0x00000156dd354490 code [0x00000156dd3546c0, 0x00000156dd354d88]
Event: 235.710 Thread 0x00000156e3bdc210 11282       1       org.springframework.data.util.Streamable$$Lambda$596/0x0000000100477ca0::get (14 bytes)
Event: 235.710 Thread 0x00000156e3bdc210 nmethod 11282 0x00000156dd353d10 code [0x00000156dd353f00, 0x00000156dd354218]
Event: 235.717 Thread 0x00000156e3bdc210 11283       1       org.springframework.asm.ClassReader::readBootstrapMethodsAttribute (130 bytes)
Event: 235.718 Thread 0x00000156e3bdc210 nmethod 11283 0x00000156dd353190 code [0x00000156dd353380, 0x00000156dd353948]
Event: 235.719 Thread 0x00000156e3bdc210 11284       1       org.springframework.beans.MutablePropertyValues::add (16 bytes)
Event: 235.720 Thread 0x00000156e3bdc210 nmethod 11284 0x00000156dd352a90 code [0x00000156dd352c40, 0x00000156dd352fd8]
Event: 235.720 Thread 0x00000156e3bdc210 11286       1       org.springframework.beans.MutablePropertyValues::addPropertyValue (77 bytes)
Event: 235.720 Thread 0x00000156e3bdc210 nmethod 11286 0x00000156dd352410 code [0x00000156dd352600, 0x00000156dd3528b8]
Event: 235.720 Thread 0x00000156e3bdc210 11285       1       org.springframework.beans.PropertyValue::<init> (31 bytes)
Event: 235.721 Thread 0x00000156e3bdc210 nmethod 11285 0x00000156dd351e10 code [0x00000156dd351fc0, 0x00000156dd3522c8]
Event: 235.722 Thread 0x00000156e3bdc210 11287       1       org.springframework.data.repository.config.DefaultRepositoryConfiguration::getRepositoryInterface (8 bytes)
Event: 235.722 Thread 0x00000156e3bdc210 nmethod 11287 0x00000156dd351b10 code [0x00000156dd351ca0, 0x00000156dd351d88]
Event: 235.723 Thread 0x00000156e3bdc210 11288       1       org.springframework.data.config.ConfigurationUtils::getRequiredBeanClassName (40 bytes)
Event: 235.724 Thread 0x00000156e3bdc210 nmethod 11288 0x00000156dd350e10 code [0x00000156dd351040, 0x00000156dd351778]
Event: 236.017 Thread 0x00000156e3bdc210 11290       1       org.springframework.beans.BeanMetadataAttributeAccessor::setAttribute (15 bytes)
Event: 236.018 Thread 0x00000156e3bdc210 nmethod 11290 0x00000156dd350790 code [0x00000156dd350960, 0x00000156dd350cc8]
Event: 236.018 Thread 0x00000156e3bdc210 11291       1       org.springframework.beans.BeanMetadataAttribute::<init> (21 bytes)
Event: 236.018 Thread 0x00000156e3bdc210 nmethod 11291 0x00000156dd350290 code [0x00000156dd350440, 0x00000156dd350668]

GC Heap History (20 events):
Event: 194.312 GC heap after
{Heap after GC invocations=37 (full 1):
 garbage-first heap   total 76800K, used 26475K [0x00000000c1600000, 0x0000000100000000)
  region size 1024K, 0 young (0K), 0 survivors (0K)
 Metaspace       used 81432K, committed 82176K, reserved 1179648K
  class space    used 11424K, committed 11776K, reserved 1048576K
}
Event: 197.405 GC heap before
{Heap before GC invocations=37 (full 1):
 garbage-first heap   total 76800K, used 58219K [0x00000000c1600000, 0x0000000100000000)
  region size 1024K, 31 young (31744K), 0 survivors (0K)
 Metaspace       used 81655K, committed 82368K, reserved 1179648K
  class space    used 11449K, committed 11776K, reserved 1048576K
}
Event: 197.426 GC heap after
{Heap after GC invocations=38 (full 1):
 garbage-first heap   total 76800K, used 29660K [0x00000000c1600000, 0x0000000100000000)
  region size 1024K, 4 young (4096K), 4 survivors (4096K)
 Metaspace       used 81655K, committed 82368K, reserved 1179648K
  class space    used 11449K, committed 11776K, reserved 1048576K
}
Event: 198.386 GC heap before
{Heap before GC invocations=38 (full 1):
 garbage-first heap   total 76800K, used 56284K [0x00000000c1600000, 0x0000000100000000)
  region size 1024K, 31 young (31744K), 4 survivors (4096K)
 Metaspace       used 81802K, committed 82560K, reserved 1179648K
  class space    used 11474K, committed 11840K, reserved 1048576K
}
Event: 198.399 GC heap after
{Heap after GC invocations=39 (full 1):
 garbage-first heap   total 76800K, used 32424K [0x00000000c1600000, 0x0000000100000000)
  region size 1024K, 3 young (3072K), 3 survivors (3072K)
 Metaspace       used 81802K, committed 82560K, reserved 1179648K
  class space    used 11474K, committed 11840K, reserved 1048576K
}
Event: 199.644 GC heap before
{Heap before GC invocations=39 (full 1):
 garbage-first heap   total 76800K, used 58024K [0x00000000c1600000, 0x0000000100000000)
  region size 1024K, 28 young (28672K), 3 survivors (3072K)
 Metaspace       used 82281K, committed 83008K, reserved 1179648K
  class space    used 11510K, committed 11840K, reserved 1048576K
}
Event: 199.660 GC heap after
{Heap after GC invocations=40 (full 1):
 garbage-first heap   total 76800K, used 34651K [0x00000000c1600000, 0x0000000100000000)
  region size 1024K, 3 young (3072K), 3 survivors (3072K)
 Metaspace       used 82281K, committed 83008K, reserved 1179648K
  class space    used 11510K, committed 11840K, reserved 1048576K
}
Event: 216.749 GC heap before
{Heap before GC invocations=40 (full 1):
 garbage-first heap   total 76800K, used 58203K [0x00000000c1600000, 0x0000000100000000)
  region size 1024K, 26 young (26624K), 3 survivors (3072K)
 Metaspace       used 82467K, committed 83264K, reserved 1179648K
  class space    used 11526K, committed 11904K, reserved 1048576K
}
Event: 216.844 GC heap after
{Heap after GC invocations=41 (full 1):
 garbage-first heap   total 76800K, used 37207K [0x00000000c1600000, 0x0000000100000000)
  region size 1024K, 3 young (3072K), 3 survivors (3072K)
 Metaspace       used 82467K, committed 83264K, reserved 1179648K
  class space    used 11526K, committed 11904K, reserved 1048576K
}
Event: 217.807 GC heap before
{Heap before GC invocations=41 (full 1):
 garbage-first heap   total 76800K, used 37207K [0x00000000c1600000, 0x0000000100000000)
  region size 1024K, 4 young (4096K), 3 survivors (3072K)
 Metaspace       used 82266K, committed 83264K, reserved 1179648K
  class space    used 11474K, committed 11904K, reserved 1048576K
}
Event: 217.928 GC heap after
{Heap after GC invocations=42 (full 2):
 garbage-first heap   total 76800K, used 27579K [0x00000000c1600000, 0x0000000100000000)
  region size 1024K, 0 young (0K), 0 survivors (0K)
 Metaspace       used 82246K, committed 83264K, reserved 1179648K
  class space    used 11471K, committed 11904K, reserved 1048576K
}
Event: 219.954 GC heap before
{Heap before GC invocations=42 (full 2):
 garbage-first heap   total 76800K, used 58299K [0x00000000c1600000, 0x0000000100000000)
  region size 1024K, 30 young (30720K), 0 survivors (0K)
 Metaspace       used 82449K, committed 83264K, reserved 1179648K
  class space    used 11493K, committed 11904K, reserved 1048576K
}
Event: 219.959 GC heap after
{Heap after GC invocations=43 (full 2):
 garbage-first heap   total 76800K, used 30597K [0x00000000c1600000, 0x0000000100000000)
  region size 1024K, 3 young (3072K), 3 survivors (3072K)
 Metaspace       used 82449K, committed 83264K, reserved 1179648K
  class space    used 11493K, committed 11904K, reserved 1048576K
}
Event: 221.789 GC heap before
{Heap before GC invocations=43 (full 2):
 garbage-first heap   total 76800K, used 59269K [0x00000000c1600000, 0x0000000100000000)
  region size 1024K, 31 young (31744K), 3 survivors (3072K)
 Metaspace       used 82569K, committed 83328K, reserved 1179648K
  class space    used 11512K, committed 11904K, reserved 1048576K
}
Event: 221.800 GC heap after
{Heap after GC invocations=44 (full 2):
 garbage-first heap   total 76800K, used 33066K [0x00000000c1600000, 0x0000000100000000)
  region size 1024K, 3 young (3072K), 3 survivors (3072K)
 Metaspace       used 82569K, committed 83328K, reserved 1179648K
  class space    used 11512K, committed 11904K, reserved 1048576K
}
Event: 223.235 GC heap before
{Heap before GC invocations=44 (full 2):
 garbage-first heap   total 76800K, used 59690K [0x00000000c1600000, 0x0000000100000000)
  region size 1024K, 29 young (29696K), 3 survivors (3072K)
 Metaspace       used 83167K, committed 83904K, reserved 1179648K
  class space    used 11556K, committed 11904K, reserved 1048576K
}
Event: 223.244 GC heap after
{Heap after GC invocations=45 (full 2):
 garbage-first heap   total 76800K, used 34448K [0x00000000c1600000, 0x0000000100000000)
  region size 1024K, 2 young (2048K), 2 survivors (2048K)
 Metaspace       used 83167K, committed 83904K, reserved 1179648K
  class space    used 11556K, committed 11904K, reserved 1048576K
}
Event: 232.028 GC heap before
{Heap before GC invocations=45 (full 2):
 garbage-first heap   total 76800K, used 51856K [0x00000000c1600000, 0x0000000100000000)
  region size 1024K, 20 young (20480K), 2 survivors (2048K)
 Metaspace       used 83213K, committed 83904K, reserved 1179648K
  class space    used 11562K, committed 11904K, reserved 1048576K
}
Event: 232.195 GC heap after
{Heap after GC invocations=46 (full 3):
 garbage-first heap   total 76800K, used 28227K [0x00000000c1600000, 0x0000000100000000)
  region size 1024K, 0 young (0K), 0 survivors (0K)
 Metaspace       used 83194K, committed 83904K, reserved 1179648K
  class space    used 11559K, committed 11904K, reserved 1048576K
}
Event: 236.141 GC heap before
{Heap before GC invocations=46 (full 3):
 garbage-first heap   total 76800K, used 57923K [0x00000000c1600000, 0x0000000100000000)
  region size 1024K, 29 young (29696K), 0 survivors (0K)
 Metaspace       used 83409K, committed 84096K, reserved 1179648K
  class space    used 11585K, committed 11904K, reserved 1048576K
}

Dll operation events (9 events):
Event: 0.021 Loaded shared library E:\Software\sts-4.19.1.RELEASE\plugins\org.eclipse.justj.openjdk.hotspot.jre.full.win32.x86_64_17.0.7.v20230425-1502\jre\bin\java.dll
Event: 0.386 Loaded shared library E:\Software\sts-4.19.1.RELEASE\plugins\org.eclipse.justj.openjdk.hotspot.jre.full.win32.x86_64_17.0.7.v20230425-1502\jre\bin\jimage.dll
Event: 0.411 Loaded shared library E:\Software\sts-4.19.1.RELEASE\plugins\org.eclipse.justj.openjdk.hotspot.jre.full.win32.x86_64_17.0.7.v20230425-1502\jre\bin\net.dll
Event: 0.413 Loaded shared library E:\Software\sts-4.19.1.RELEASE\plugins\org.eclipse.justj.openjdk.hotspot.jre.full.win32.x86_64_17.0.7.v20230425-1502\jre\bin\nio.dll
Event: 0.422 Loaded shared library E:\Software\sts-4.19.1.RELEASE\plugins\org.eclipse.justj.openjdk.hotspot.jre.full.win32.x86_64_17.0.7.v20230425-1502\jre\bin\zip.dll
Event: 0.573 Loaded shared library E:\Software\sts-4.19.1.RELEASE\plugins\org.eclipse.justj.openjdk.hotspot.jre.full.win32.x86_64_17.0.7.v20230425-1502\jre\bin\management.dll
Event: 0.651 Loaded shared library E:\Software\sts-4.19.1.RELEASE\plugins\org.eclipse.justj.openjdk.hotspot.jre.full.win32.x86_64_17.0.7.v20230425-1502\jre\bin\management_ext.dll
Event: 4.382 Loaded shared library E:\Software\sts-4.19.1.RELEASE\plugins\org.eclipse.justj.openjdk.hotspot.jre.full.win32.x86_64_17.0.7.v20230425-1502\jre\bin\sunmscapi.dll
Event: 8.594 Loaded shared library E:\Software\sts-4.19.1.RELEASE\plugins\org.eclipse.justj.openjdk.hotspot.jre.full.win32.x86_64_17.0.7.v20230425-1502\jre\bin\verify.dll

Deoptimization events (12 events):
Event: 3.122 Thread 0x00000156e87ad7e0 DEOPT PACKING pc=0x00000156dc6bb619 sp=0x000000245aefcc10
Event: 3.122 Thread 0x00000156e87ad7e0 DEOPT UNPACKING pc=0x00000156dc287143 sp=0x000000245aefc0f0 mode 3
Event: 3.669 Thread 0x00000156e87ad7e0 DEOPT PACKING pc=0x00000156dc7a8255 sp=0x000000245aefd220
Event: 3.669 Thread 0x00000156e87ad7e0 DEOPT UNPACKING pc=0x00000156dc287143 sp=0x000000245aefc6c8 mode 3
Event: 7.313 Thread 0x00000156e87ad7e0 DEOPT PACKING pc=0x00000156dca65c7d sp=0x000000245aefccf0
Event: 7.313 Thread 0x00000156e87ad7e0 DEOPT UNPACKING pc=0x00000156dc287143 sp=0x000000245aefc258 mode 3
Event: 15.777 Thread 0x00000156e87ad7e0 DEOPT PACKING pc=0x00000156dccccc19 sp=0x000000245aefc400
Event: 15.777 Thread 0x00000156e87ad7e0 DEOPT UNPACKING pc=0x00000156dc287143 sp=0x000000245aefb8e0 mode 3
Event: 40.186 Thread 0x00000156e87aeff0 DEOPT PACKING pc=0x00000156dc36f67b sp=0x000000245b6fcfa0
Event: 40.187 Thread 0x00000156e87aeff0 DEOPT UNPACKING pc=0x00000156dc287143 sp=0x000000245b6fc4c8 mode 3
Event: 199.536 Thread 0x00000156ea35c4c0 DEOPT PACKING pc=0x00000156dcfed04c sp=0x0000002458dfbfb0
Event: 199.536 Thread 0x00000156ea35c4c0 DEOPT UNPACKING pc=0x00000156dc287143 sp=0x0000002458dfb448 mode 3

Classes unloaded (20 events):
Event: 217.471 Thread 0x00000156e3a355d0 Unloading class 0x00000001000c5800 'java/lang/invoke/LambdaForm$MH+0x00000001000c5800'
Event: 217.471 Thread 0x00000156e3a355d0 Unloading class 0x00000001000c5400 'java/lang/invoke/LambdaForm$MH+0x00000001000c5400'
Event: 217.471 Thread 0x00000156e3a355d0 Unloading class 0x00000001000c5000 'java/lang/invoke/LambdaForm$MH+0x00000001000c5000'
Event: 217.471 Thread 0x00000156e3a355d0 Unloading class 0x00000001000c4c00 'java/lang/invoke/LambdaForm$MH+0x00000001000c4c00'
Event: 217.471 Thread 0x00000156e3a355d0 Unloading class 0x00000001000c2400 'java/lang/invoke/LambdaForm$MH+0x00000001000c2400'
Event: 217.471 Thread 0x00000156e3a355d0 Unloading class 0x00000001000c1c00 'java/lang/invoke/LambdaForm$MH+0x00000001000c1c00'
Event: 217.471 Thread 0x00000156e3a355d0 Unloading class 0x00000001000c1400 'java/lang/invoke/LambdaForm$MH+0x00000001000c1400'
Event: 217.471 Thread 0x00000156e3a355d0 Unloading class 0x00000001000c0c00 'java/lang/invoke/LambdaForm$MH+0x00000001000c0c00'
Event: 217.848 Thread 0x00000156e3a355d0 Unloading class 0x0000000100bb0800 'jdk/internal/reflect/GeneratedSerializationConstructorAccessor38'
Event: 217.848 Thread 0x00000156e3a355d0 Unloading class 0x0000000100ba9c00 'jdk/internal/reflect/GeneratedSerializationConstructorAccessor34'
Event: 217.848 Thread 0x00000156e3a355d0 Unloading class 0x0000000100ba9800 'jdk/internal/reflect/GeneratedSerializationConstructorAccessor33'
Event: 217.848 Thread 0x00000156e3a355d0 Unloading class 0x0000000100ba9400 'jdk/internal/reflect/GeneratedSerializationConstructorAccessor32'
Event: 217.848 Thread 0x00000156e3a355d0 Unloading class 0x0000000100ba9000 'jdk/internal/reflect/GeneratedSerializationConstructorAccessor31'
Event: 217.848 Thread 0x00000156e3a355d0 Unloading class 0x0000000100ba2800 'jdk/internal/reflect/GeneratedSerializationConstructorAccessor30'
Event: 232.111 Thread 0x00000156e3a355d0 Unloading class 0x0000000100a25000 'jdk/internal/reflect/GeneratedSerializationConstructorAccessor47'
Event: 232.111 Thread 0x00000156e3a355d0 Unloading class 0x0000000100a04c00 'jdk/internal/reflect/GeneratedSerializationConstructorAccessor46'
Event: 232.111 Thread 0x00000156e3a355d0 Unloading class 0x000000010099c800 'jdk/internal/reflect/GeneratedSerializationConstructorAccessor45'
Event: 232.111 Thread 0x00000156e3a355d0 Unloading class 0x0000000100898000 'jdk/internal/reflect/GeneratedSerializationConstructorAccessor44'
Event: 232.111 Thread 0x00000156e3a355d0 Unloading class 0x0000000100413400 'jdk/internal/reflect/GeneratedSerializationConstructorAccessor43'
Event: 232.111 Thread 0x00000156e3a355d0 Unloading class 0x0000000100b89800 'org/apache/catalina/loader/JdbcLeakPrevention'

Classes redefined (0 events):
No events

Internal exceptions (20 events):
Event: 219.637 Thread 0x00000156ea35d330 Exception <a 'sun/nio/fs/WindowsException'{0x00000000c48c0388}> (0x00000000c48c0388) 
thrown [s\src\hotspot\share\prims\jni.cpp, line 516]
Event: 219.724 Thread 0x00000156ea35d330 Exception <a 'sun/nio/fs/WindowsException'{0x00000000c47fc978}> (0x00000000c47fc978) 
thrown [s\src\hotspot\share\prims\jni.cpp, line 516]
Event: 220.000 Thread 0x00000156ea35d330 Exception <a 'java/lang/NoClassDefFoundError'{0x00000000c5f08970}: org/flywaydb/core/Flyway> (0x00000000c5f08970) 
thrown [s\src\hotspot\share\oops\constantPool.cpp, line 835]
Event: 220.000 Thread 0x00000156ea35d330 Exception <a 'java/lang/NoClassDefFoundError'{0x00000000c5f08fc0}: liquibase/integration/spring/SpringLiquibase> (0x00000000c5f08fc0) 
thrown [s\src\hotspot\share\oops\constantPool.cpp, line 835]
Event: 220.030 Thread 0x00000156ea35d330 Exception <a 'java/lang/NoClassDefFoundError'{0x00000000c5f85f10}: org/jooq/DSLContext> (0x00000000c5f85f10) 
thrown [s\src\hotspot\share\oops\constantPool.cpp, line 835]
Event: 220.035 Thread 0x00000156ea35d330 Exception <a 'java/lang/NoClassDefFoundError'{0x00000000c5f95af0}: org/springframework/batch/core/repository/JobRepository> (0x00000000c5f95af0) 
thrown [s\src\hotspot\share\oops\constantPool.cpp, line 835]
Event: 220.035 Thread 0x00000156ea35d330 Exception <a 'java/lang/NoClassDefFoundError'{0x00000000c5f96138}: org/quartz/Scheduler> (0x00000000c5f96138) 
thrown [s\src\hotspot\share\oops\constantPool.cpp, line 835]
Event: 220.035 Thread 0x00000156ea35d330 Exception <a 'java/lang/NoClassDefFoundError'{0x00000000c5f967a8}: org/springframework/session/jdbc/JdbcIndexedSessionRepository> (0x00000000c5f967a8) 
thrown [s\src\hotspot\share\oops\constantPool.cpp, line 835]
Event: 220.248 Thread 0x00000156ea35d330 Exception <a 'sun/nio/fs/WindowsException'{0x00000000c5823678}> (0x00000000c5823678) 
thrown [s\src\hotspot\share\prims\jni.cpp, line 516]
Event: 220.249 Thread 0x00000156ea35d330 Exception <a 'sun/nio/fs/WindowsException'{0x00000000c5823d78}> (0x00000000c5823d78) 
thrown [s\src\hotspot\share\prims\jni.cpp, line 516]
Event: 220.249 Thread 0x00000156ea35d330 Exception <a 'sun/nio/fs/WindowsException'{0x00000000c5824458}> (0x00000000c5824458) 
thrown [s\src\hotspot\share\prims\jni.cpp, line 516]
Event: 220.318 Thread 0x00000156ea35d330 Exception <a 'java/io/FileNotFoundException'{0x00000000c585a1d8}> (0x00000000c585a1d8) 
thrown [s\src\hotspot\share\prims\jni.cpp, line 516]
Event: 220.442 Thread 0x00000156ea35d330 Exception <a 'java/io/FileNotFoundException'{0x00000000c56308d8}> (0x00000000c56308d8) 
thrown [s\src\hotspot\share\prims\jni.cpp, line 516]
Event: 220.739 Thread 0x00000156ea35d330 Exception <a 'sun/nio/fs/WindowsException'{0x00000000c53fd758}> (0x00000000c53fd758) 
thrown [s\src\hotspot\share\prims\jni.cpp, line 516]
Event: 223.464 Thread 0x00000156ea35d330 Exception <a 'sun/nio/fs/WindowsException'{0x00000000c5a92228}> (0x00000000c5a92228) 
thrown [s\src\hotspot\share\prims\jni.cpp, line 516]
Event: 232.028 Thread 0x00000156ea35d800 Exception <a 'java/lang/InterruptedException'{0x00000000c4fbf9e0}: sleep interrupted> (0x00000000c4fbf9e0) 
thrown [s\src\hotspot\share\prims\jvm.cpp, line 3070]
Event: 232.403 Thread 0x00000156ea5dfd30 Exception <a 'sun/nio/fs/WindowsException'{0x00000000c60817b0}> (0x00000000c60817b0) 
thrown [s\src\hotspot\share\prims\jni.cpp, line 516]
Event: 232.520 Thread 0x00000156ea5dfd30 Exception <a 'sun/nio/fs/WindowsException'{0x00000000c5d74c98}> (0x00000000c5d74c98) 
thrown [s\src\hotspot\share\prims\jni.cpp, line 516]
Event: 235.354 Thread 0x00000156ea5dfd30 Exception <a 'sun/nio/fs/WindowsException'{0x00000000c48c88d0}> (0x00000000c48c88d0) 
thrown [s\src\hotspot\share\prims\jni.cpp, line 516]
Event: 235.663 Thread 0x00000156ea5dfd30 Exception <a 'sun/nio/fs/WindowsException'{0x00000000c4604b80}> (0x00000000c4604b80) 
thrown [s\src\hotspot\share\prims\jni.cpp, line 516]

VM Operations (20 events):
Event: 221.772 Executing VM operation: Cleanup done
Event: 221.773 Executing VM operation: G1CollectForAllocation
Event: 221.812 Executing VM operation: G1CollectForAllocation done
Event: 222.815 Executing VM operation: Cleanup
Event: 222.833 Executing VM operation: Cleanup done
Event: 223.235 Executing VM operation: G1CollectForAllocation
Event: 223.244 Executing VM operation: G1CollectForAllocation done
Event: 224.259 Executing VM operation: Cleanup
Event: 224.259 Executing VM operation: Cleanup done
Event: 227.282 Executing VM operation: Cleanup
Event: 227.282 Executing VM operation: Cleanup done
Event: 232.028 Executing VM operation: G1CollectFull
Event: 232.196 Executing VM operation: G1CollectFull done
Event: 233.206 Executing VM operation: Cleanup
Event: 233.206 Executing VM operation: Cleanup done
Event: 234.216 Executing VM operation: Cleanup
Event: 234.216 Executing VM operation: Cleanup done
Event: 235.227 Executing VM operation: Cleanup
Event: 235.244 Executing VM operation: Cleanup done
Event: 236.115 Executing VM operation: G1CollectForAllocation

Events (20 events):
Event: 232.001 Thread 0x00000156ea359970 Thread exited: 0x00000156ea359970
Event: 232.002 Thread 0x00000156ea35dcd0 Thread exited: 0x00000156ea35dcd0
Event: 232.002 Thread 0x00000156ea358fd0 Thread exited: 0x00000156ea358fd0
Event: 232.002 Thread 0x00000156ea35bb20 Thread exited: 0x00000156ea35bb20
Event: 232.002 Thread 0x00000156ea35acb0 Thread exited: 0x00000156ea35acb0
Event: 232.002 Thread 0x00000156ea35b180 Thread exited: 0x00000156ea35b180
Event: 232.002 Thread 0x00000156ea359e40 Thread exited: 0x00000156ea359e40
Event: 232.003 Thread 0x00000156ea35a310 Thread exited: 0x00000156ea35a310
Event: 232.003 Thread 0x00000156ea35e1a0 Thread exited: 0x00000156ea35e1a0
Event: 232.007 Thread 0x00000156ea5df860 Thread added: 0x00000156ea5df860
Event: 232.007 Thread 0x00000156ea360820 Thread exited: 0x00000156ea360820
Event: 232.023 Thread 0x00000156ea5df860 Thread exited: 0x00000156ea5df860
Event: 232.028 Thread 0x00000156ea35d800 Thread exited: 0x00000156ea35d800
Event: 232.222 Thread 0x00000156ea5e06d0 Thread added: 0x00000156ea5e06d0
Event: 232.324 Thread 0x00000156ea5e06d0 Thread exited: 0x00000156ea5e06d0
Event: 232.324 Thread 0x00000156ea5dfd30 Thread added: 0x00000156ea5dfd30
Event: 232.435 Thread 0x00000156ea35eb40 Thread exited: 0x00000156ea35eb40
Event: 232.435 Thread 0x00000156ea35a7e0 Thread exited: 0x00000156ea35a7e0
Event: 233.818 Thread 0x00000156ea5de050 Thread added: 0x00000156ea5de050
Event: 233.941 Thread 0x00000156ea5de050 Thread exited: 0x00000156ea5de050


Dynamic libraries:
0x00007ff621e10000 - 0x00007ff621e1e000 	E:\Software\sts-4.19.1.RELEASE\plugins\org.eclipse.justj.openjdk.hotspot.jre.full.win32.x86_64_17.0.7.v20230425-1502\jre\bin\javaw.exe
0x00007ffb19530000 - 0x00007ffb19729000 	C:\WINDOWS\SYSTEM32\ntdll.dll
0x00007ffb17c70000 - 0x00007ffb17d32000 	C:\WINDOWS\System32\KERNEL32.DLL
0x00007ffb16d80000 - 0x00007ffb17077000 	C:\WINDOWS\System32\KERNELBASE.dll
0x00007ffb17270000 - 0x00007ffb17370000 	C:\WINDOWS\System32\ucrtbase.dll
0x00007ffb10f40000 - 0x00007ffb10f57000 	E:\Software\sts-4.19.1.RELEASE\plugins\org.eclipse.justj.openjdk.hotspot.jre.full.win32.x86_64_17.0.7.v20230425-1502\jre\bin\jli.dll
0x00007ffb10be0000 - 0x00007ffb10bf9000 	E:\Software\sts-4.19.1.RELEASE\plugins\org.eclipse.justj.openjdk.hotspot.jre.full.win32.x86_64_17.0.7.v20230425-1502\jre\bin\VCRUNTIME140.dll
0x00007ffb177f0000 - 0x00007ffb1798d000 	C:\WINDOWS\System32\USER32.dll
0x00007ffb16ba0000 - 0x00007ffb16bc2000 	C:\WINDOWS\System32\win32u.dll
0x00007ffb18650000 - 0x00007ffb1867b000 	C:\WINDOWS\System32\GDI32.dll
0x00007ffb17410000 - 0x00007ffb1752a000 	C:\WINDOWS\System32\gdi32full.dll
0x00007ffb17370000 - 0x00007ffb1740d000 	C:\WINDOWS\System32\msvcp_win.dll
0x00007ffafeec0000 - 0x00007ffaff15b000 	C:\WINDOWS\WinSxS\amd64_microsoft.windows.common-controls_6595b64144ccf1df_6.0.19041.7663_none_60b9ed0b71f50c93\COMCTL32.dll
0x00007ffb18890000 - 0x00007ffb1892e000 	C:\WINDOWS\System32\msvcrt.dll
0x00007ffb177c0000 - 0x00007ffb177ef000 	C:\WINDOWS\System32\IMM32.DLL
0x00007ffb13200000 - 0x00007ffb1320c000 	E:\Software\sts-4.19.1.RELEASE\plugins\org.eclipse.justj.openjdk.hotspot.jre.full.win32.x86_64_17.0.7.v20230425-1502\jre\bin\vcruntime140_1.dll
0x00007ffb05560000 - 0x00007ffb055f1000 	E:\Software\sts-4.19.1.RELEASE\plugins\org.eclipse.justj.openjdk.hotspot.jre.full.win32.x86_64_17.0.7.v20230425-1502\jre\bin\msvcp140.dll
0x00007ffad7de0000 - 0x00007ffad8a28000 	E:\Software\sts-4.19.1.RELEASE\plugins\org.eclipse.justj.openjdk.hotspot.jre.full.win32.x86_64_17.0.7.v20230425-1502\jre\bin\server\jvm.dll
0x00007ffb17680000 - 0x00007ffb17732000 	C:\WINDOWS\System32\ADVAPI32.dll
0x00007ffb18680000 - 0x00007ffb18720000 	C:\WINDOWS\System32\sechost.dll
0x00007ffb193c0000 - 0x00007ffb194e6000 	C:\WINDOWS\System32\RPCRT4.dll
0x00007ffb17240000 - 0x00007ffb17267000 	C:\WINDOWS\System32\bcrypt.dll
0x00007ffb13210000 - 0x00007ffb13219000 	C:\WINDOWS\SYSTEM32\WSOCK32.dll
0x00007ffb0f0b0000 - 0x00007ffb0f0d7000 	C:\WINDOWS\SYSTEM32\WINMM.dll
0x00007ffb19350000 - 0x00007ffb193bb000 	C:\WINDOWS\System32\WS2_32.dll
0x00007ffb04fb0000 - 0x00007ffb04fba000 	C:\WINDOWS\SYSTEM32\VERSION.dll
0x00007ffb15370000 - 0x00007ffb15382000 	C:\WINDOWS\SYSTEM32\kernel.appcore.dll
0x00007ffb114f0000 - 0x00007ffb114fa000 	E:\Software\sts-4.19.1.RELEASE\plugins\org.eclipse.justj.openjdk.hotspot.jre.full.win32.x86_64_17.0.7.v20230425-1502\jre\bin\jimage.dll
0x00007ffb14890000 - 0x00007ffb14a91000 	C:\WINDOWS\SYSTEM32\DBGHELP.DLL
0x00007ffaf4530000 - 0x00007ffaf4564000 	C:\WINDOWS\SYSTEM32\dbgcore.DLL
0x00007ffb17080000 - 0x00007ffb17102000 	C:\WINDOWS\System32\bcryptPrimitives.dll
0x00007ffb10ae0000 - 0x00007ffb10b05000 	E:\Software\sts-4.19.1.RELEASE\plugins\org.eclipse.justj.openjdk.hotspot.jre.full.win32.x86_64_17.0.7.v20230425-1502\jre\bin\java.dll
0x00007ffb10ac0000 - 0x00007ffb10ad8000 	E:\Software\sts-4.19.1.RELEASE\plugins\org.eclipse.justj.openjdk.hotspot.jre.full.win32.x86_64_17.0.7.v20230425-1502\jre\bin\zip.dll
0x00007ffb17d40000 - 0x00007ffb184b1000 	C:\WINDOWS\System32\SHELL32.dll
0x00007ffb14bb0000 - 0x00007ffb1535c000 	C:\WINDOWS\SYSTEM32\windows.storage.dll
0x00007ffb18f40000 - 0x00007ffb19293000 	C:\WINDOWS\System32\combase.dll
0x00007ffb16410000 - 0x00007ffb1643b000 	C:\WINDOWS\SYSTEM32\Wldp.dll
0x00007ffb17540000 - 0x00007ffb17616000 	C:\WINDOWS\System32\OLEAUT32.dll
0x00007ffb18780000 - 0x00007ffb1882d000 	C:\WINDOWS\System32\SHCORE.dll
0x00007ffb17620000 - 0x00007ffb1767b000 	C:\WINDOWS\System32\shlwapi.dll
0x00007ffb16ac0000 - 0x00007ffb16ae5000 	C:\WINDOWS\SYSTEM32\profapi.dll
0x00007ffb10aa0000 - 0x00007ffb10ab9000 	E:\Software\sts-4.19.1.RELEASE\plugins\org.eclipse.justj.openjdk.hotspot.jre.full.win32.x86_64_17.0.7.v20230425-1502\jre\bin\net.dll
0x00007ffb0c690000 - 0x00007ffb0c79d000 	C:\WINDOWS\SYSTEM32\WINHTTP.dll
0x00007ffb161c0000 - 0x00007ffb1622a000 	C:\WINDOWS\system32\mswsock.dll
0x00007ffb0fa00000 - 0x00007ffb0fa15000 	E:\Software\sts-4.19.1.RELEASE\plugins\org.eclipse.justj.openjdk.hotspot.jre.full.win32.x86_64_17.0.7.v20230425-1502\jre\bin\nio.dll
0x00007ffb12e40000 - 0x00007ffb12e49000 	E:\Software\sts-4.19.1.RELEASE\plugins\org.eclipse.justj.openjdk.hotspot.jre.full.win32.x86_64_17.0.7.v20230425-1502\jre\bin\management.dll
0x00007ffb12dc0000 - 0x00007ffb12dcb000 	E:\Software\sts-4.19.1.RELEASE\plugins\org.eclipse.justj.openjdk.hotspot.jre.full.win32.x86_64_17.0.7.v20230425-1502\jre\bin\management_ext.dll
0x00007ffb17530000 - 0x00007ffb17538000 	C:\WINDOWS\System32\PSAPI.DLL
0x00007ffafd3b0000 - 0x00007ffafd3c7000 	C:\WINDOWS\system32\napinsp.dll
0x00007ffafa960000 - 0x00007ffafa97b000 	C:\WINDOWS\system32\pnrpnsp.dll
0x00007ffb114c0000 - 0x00007ffb114dd000 	C:\WINDOWS\system32\NLAapi.dll
0x00007ffb15ec0000 - 0x00007ffb15efb000 	C:\WINDOWS\SYSTEM32\IPHLPAPI.DLL
0x00007ffb15f00000 - 0x00007ffb15fcc000 	C:\WINDOWS\SYSTEM32\DNSAPI.dll
0x00007ffb184c0000 - 0x00007ffb184c8000 	C:\WINDOWS\System32\NSI.dll
0x00007ffafa2d0000 - 0x00007ffafa2e2000 	C:\WINDOWS\System32\winrnr.dll
0x00007ffb13650000 - 0x00007ffb1366d000 	C:\WINDOWS\system32\wshbth.dll
0x00007ffb0e910000 - 0x00007ffb0e91a000 	C:\Windows\System32\rasadhlp.dll
0x00007ffb077f0000 - 0x00007ffb07870000 	C:\WINDOWS\System32\fwpuclnt.dll
0x00007ffb16450000 - 0x00007ffb16468000 	C:\WINDOWS\SYSTEM32\CRYPTSP.dll
0x00007ffb15b00000 - 0x00007ffb15b38000 	C:\WINDOWS\system32\rsaenh.dll
0x00007ffb16a40000 - 0x00007ffb16a6e000 	C:\WINDOWS\SYSTEM32\USERENV.dll
0x00007ffb16380000 - 0x00007ffb1638c000 	C:\WINDOWS\SYSTEM32\CRYPTBASE.dll
0x00007ffb0d540000 - 0x00007ffb0d557000 	C:\WINDOWS\SYSTEM32\dhcpcsvc6.DLL
0x00007ffb0d4d0000 - 0x00007ffb0d4ee000 	C:\WINDOWS\SYSTEM32\dhcpcsvc.DLL
0x00007ffb108d0000 - 0x00007ffb108de000 	E:\Software\sts-4.19.1.RELEASE\plugins\org.eclipse.justj.openjdk.hotspot.jre.full.win32.x86_64_17.0.7.v20230425-1502\jre\bin\sunmscapi.dll
0x00007ffb16c20000 - 0x00007ffb16d7d000 	C:\WINDOWS\System32\CRYPT32.dll
0x00007ffb16560000 - 0x00007ffb16587000 	C:\WINDOWS\SYSTEM32\ncrypt.dll
0x00007ffb16520000 - 0x00007ffb1655b000 	C:\WINDOWS\SYSTEM32\NTASN1.dll
0x00007ffb10f30000 - 0x00007ffb10f40000 	E:\Software\sts-4.19.1.RELEASE\plugins\org.eclipse.justj.openjdk.hotspot.jre.full.win32.x86_64_17.0.7.v20230425-1502\jre\bin\verify.dll
0x00007ffb12780000 - 0x00007ffb12787000 	C:\WINDOWS\system32\wshunix.dll

dbghelp: loaded successfully - version: 4.0.5 - missing functions: none
symbol engine: initialized successfully - sym options: 0x614 - pdb path: .;E:\Software\sts-4.19.1.RELEASE\plugins\org.eclipse.justj.openjdk.hotspot.jre.full.win32.x86_64_17.0.7.v20230425-1502\jre\bin;C:\WINDOWS\SYSTEM32;C:\WINDOWS\WinSxS\amd64_microsoft.windows.common-controls_6595b64144ccf1df_6.0.19041.7663_none_60b9ed0b71f50c93;E:\Software\sts-4.19.1.RELEASE\plugins\org.eclipse.justj.openjdk.hotspot.jre.full.win32.x86_64_17.0.7.v20230425-1502\jre\bin\server

VM Arguments:
jvm_args: -Dcom.sun.management.jmxremote -Dcom.sun.management.jmxremote.port=59538 -Dcom.sun.management.jmxremote.authenticate=false -Dcom.sun.management.jmxremote.ssl=false -Djava.rmi.server.hostname=localhost -Dspring.jmx.enabled=true -Dmanagement.endpoints.jmx.exposure.include=* -Dspring.application.admin.enabled=true -XX:TieredStopAtLevel=1 -Dspring.boot.project.name=gaurav-sales-backend -Dfile.encoding=UTF-8 -XX:+ShowCodeDetailsInExceptionMessages 
java_command: com.gaurav.sales.GauravSalesBackendApplication --spring.output.ansi.enabled=always
java_class_path (initial): E:\Gaurav-Sales-Application\gaurav-sales-backend\target\classes;C:\Users\KAUSAL\.m2\repository\org\springframework\boot\spring-boot-starter-web\3.4.1\spring-boot-starter-web-3.4.1.jar;C:\Users\KAUSAL\.m2\repository\org\springframework\boot\spring-boot-starter\3.4.1\spring-boot-starter-3.4.1.jar;C:\Users\KAUSAL\.m2\repository\org\springframework\boot\spring-boot-starter-logging\3.4.1\spring-boot-starter-logging-3.4.1.jar;C:\Users\KAUSAL\.m2\repository\ch\qos\logback\logback-classic\1.5.12\logback-classic-1.5.12.jar;C:\Users\KAUSAL\.m2\repository\ch\qos\logback\logback-core\1.5.12\logback-core-1.5.12.jar;C:\Users\KAUSAL\.m2\repository\org\apache\logging\log4j\log4j-to-slf4j\2.24.3\log4j-to-slf4j-2.24.3.jar;C:\Users\KAUSAL\.m2\repository\org\apache\logging\log4j\log4j-api\2.24.3\log4j-api-2.24.3.jar;C:\Users\KAUSAL\.m2\repository\org\slf4j\jul-to-slf4j\2.0.16\jul-to-slf4j-2.0.16.jar;C:\Users\KAUSAL\.m2\repository\jakarta\annotation\jakarta.annotation-api\2.1.1\jakarta.annotation-api-2.1.1.jar;C:\Users\KAUSAL\.m2\repository\org\springframework\spring-core\6.2.1\spring-core-6.2.1.jar;C:\Users\KAUSAL\.m2\repository\org\springframework\spring-jcl\6.2.1\spring-jcl-6.2.1.jar;C:\Users\KAUSAL\.m2\repository\org\yaml\snakeyaml\2.3\snakeyaml-2.3.jar;C:\Users\KAUSAL\.m2\repository\org\springframework\boot\spring-boot-starter-json\3.4.1\spring-boot-starter-json-3.4.1.jar;C:\Users\KAUSAL\.m2\repository\com\fasterxml\jackson\core\jackson-databind\2.18.2\jackson-databind-2.18.2.jar;C:\Users\KAUSAL\.m2\repository\com\fasterxml\jackson\core\jackson-annotations\2.18.2\jackson-annotations-2.18.2.jar;C:\Users\KAUSAL\.m2\repository\com\fasterxml\jackson\core\jackson-core\2.18.2\jackson-core-2.18.2.jar;C:\Users\KAUSAL\.m2\repository\com\fasterxml\jackson\datatype\jackson-datatype-jdk8\2.18.2\jackson-datatype-jdk8-2.18.2.jar;C:\Users\KAUSAL\.m2\repository\com\fasterxml\jackson\datatype\jackson-datatype-jsr310\2.18.2\jackson-datatype-jsr310-2.18.2.jar;C:\Users\KAU
Launcher Type: SUN_STANDARD

[Global flags]
     intx CICompilerCount                          = 3                                         {product} {ergonomic}
     uint ConcGCThreads                            = 1                                         {product} {ergonomic}
     uint G1ConcRefinementThreads                  = 4                                         {product} {ergonomic}
   size_t G1HeapRegionSize                         = 1048576                                   {product} {ergonomic}
    uintx GCDrainStackTargetSize                   = 64                                        {product} {ergonomic}
   size_t InitialHeapSize                          = 67108864                                  {product} {ergonomic}
     bool ManagementServer                         = true                                      {product} {command line}
   size_t MarkStackSize                            = 4194304                                   {product} {ergonomic}
   size_t MaxHeapSize                              = 1050673152                                {product} {ergonomic}
   size_t MaxNewSize                               = 630194176                                 {product} {ergonomic}
   size_t MinHeapDeltaBytes                        = 1048576                                   {product} {ergonomic}
   size_t MinHeapSize                              = 8388608                                   {product} {ergonomic}
    uintx NonProfiledCodeHeapSize                  = 0                                      {pd product} {ergonomic}
     bool ProfileInterpreter                       = false                                  {pd product} {command line}
    uintx ProfiledCodeHeapSize                     = 0                                      {pd product} {ergonomic}
     bool ShowCodeDetailsInExceptionMessages       = true                                   {manageable} {command line}
   size_t SoftMaxHeapSize                          = 1050673152                             {manageable} {ergonomic}
     intx TieredStopAtLevel                        = 1                                         {product} {command line}
     bool UseCompressedClassPointers               = true                           {product lp64_product} {ergonomic}
     bool UseCompressedOops                        = true                           {product lp64_product} {ergonomic}
     bool UseG1GC                                  = true                                      {product} {ergonomic}
     bool UseLargePagesIndividualAllocation        = false                                  {pd product} {ergonomic}

Logging:
Log output configuration:
 #0: stdout all=warning uptime,level,tags
 #1: stderr all=off uptime,level,tags

Environment Variables:
JAVA_HOME=C:\Program Files\Java\jdk-17
PATH=E:/Software/sts-4.19.1.RELEASE//plugins/org.eclipse.justj.openjdk.hotspot.jre.full.win32.x86_64_17.0.7.v20230425-1502/jre/bin/server;E:/Software/sts-4.19.1.RELEASE//plugins/org.eclipse.justj.openjdk.hotspot.jre.full.win32.x86_64_17.0.7.v20230425-1502/jre/bin;C:\Program Files\Common Files\Oracle\Java\javapath;C:\WINDOWS\system32;C:\WINDOWS;C:\WINDOWS\System32\Wbem;C:\WINDOWS\System32\WindowsPowerShell\v1.0\;C:\WINDOWS\System32\OpenSSH\;C:\Program Files\nodejs\;C:\Program Files\Git\cmd;C:\Program Files\MySQL\MySQL Server 8.0\bin;E:\apache-maven\bin;C:\Program Files\Eclipse Adoptium\jdk-17.0.19.10-hotspot\bin;C:\Program Files\WSL\;C:\Program Files\MySQL\MySQL Shell 8.0\bin\;C:\Users\KAUSAL\AppData\Local\Microsoft\WindowsApps;C:\Users\KAUSAL\AppData\Roaming\npm;C:\Users\KAUSAL\AppData\Local\Programs\Microsoft VS Code\bin;C:\Program Files\Java\jdk-17\bin;;C:\Users\KAUSAL\AppData\Local\Programs\DockerDesktop\resources\bin;E:\Software\sts-4.19.1.RELEASE;
USERNAME=KAUSAL
OS=Windows_NT
PROCESSOR_IDENTIFIER=Intel64 Family 6 Model 78 Stepping 3, GenuineIntel
TMP=C:\Users\KAUSAL\AppData\Local\Temp
TEMP=C:\Users\KAUSAL\AppData\Local\Temp



---------------  S Y S T E M  ---------------

OS:
 Windows 10 , 64 bit Build 19041 (10.0.19041.7663)
OS uptime: 0 days 18:28 hours
Hyper-V role detected

CPU: total 4 (initial active 4) (2 cores per cpu, 2 threads per core) family 6 model 78 stepping 3 microcode 0xf0, cx8, cmov, fxsr, ht, mmx, 3dnowpref, sse, sse2, sse3, ssse3, sse4.1, sse4.2, popcnt, lzcnt, tsc, tscinvbit, avx, avx2, aes, erms, clmul, bmi1, bmi2, adx, fma, vzeroupper, clflush, clflushopt, hv

Memory: 4k page, system-wide physical 4002M (169M free)
TotalPageFile size 12194M (AvailPageFile size 72M)
current process WorkingSet (physical memory assigned to process): 205M, peak: 227M
current process commit charge ("private bytes"): 274M, peak: 349M

vm_info: OpenJDK 64-Bit Server VM (17.0.7+7) for windows-amd64 JRE (17.0.7+7), built on Apr 18 2023 22:10:42 by "temurin" with MS VC++ 16.7 (VS2019)

END.
